src/app/(admin)/admin/dashboard/AdminDashboardContent.tsx(326,12): error TS2304: Cannot find name 'BtnCerrarSesion'.
src/app/(estudiante)/favoritos/page.tsx(33,30): error TS2339: Property 'id' does not exist on type 'never'.
src/app/(estudiante)/favoritos/page.tsx(36,47): error TS2339: Property 'lectura' does not exist on type 'never'.
src/app/(estudiante)/favoritos/page.tsx(40,8): error TS2741: Property 'title' is missing in type '{}' but required in type 'TopBarProps'.
src/app/(estudiante)/favoritos/page.tsx(64,15): error TS2322: Type '{ title: string; message: string; }' is not assignable to type 'IntrinsicAttributes & Props'.
  Property 'message' does not exist on type 'IntrinsicAttributes & Props'.
src/app/(profesor)/profesor/perfil/cambiar-password/page.tsx(36,20): error TS2345: Argument of type '"success"' is not assignable to parameter of type 'TipoToast'.
src/app/(profesor)/profesor/perfil/page.tsx(23,25): error TS2339: Property 'rol' does not exist on type 'never'.
src/app/(profesor)/profesor/perfil/page.tsx(35,31): error TS2339: Property 'id' does not exist on type 'never'.
src/app/(profesor)/profesor/perfil/page.tsx(38,39): error TS2339: Property 'aula' does not exist on type 'never'.
src/app/(profesor)/profesor/perfil/page.tsx(44,30): error TS2339: Property 'id' does not exist on type 'never'.
src/app/(profesor)/profesor/perfil/page.tsx(49,31): error TS2339: Property 'id' does not exist on type 'never'.
src/app/(profesor)/profesor/perfil/page.tsx(86,19): error TS2339: Property 'avatar_url' does not exist on type 'never'.
src/app/(profesor)/profesor/perfil/page.tsx(87,32): error TS2339: Property 'avatar_url' does not exist on type 'never'.
src/app/(profesor)/profesor/perfil/page.tsx(90,23): error TS2339: Property 'nombre' does not exist on type 'never'.
src/app/(profesor)/profesor/perfil/page.tsx(90,41): error TS2339: Property 'apellido' does not exist on type 'never'.
src/app/(profesor)/profesor/perfil/page.tsx(96,19): error TS2339: Property 'nombre' does not exist on type 'never'.
src/app/(profesor)/profesor/perfil/page.tsx(96,35): error TS2339: Property 'apellido' does not exist on type 'never'.
